
> antigravity-learning@0.1.0 build
> prisma generate && next build

node.exe : Loaded 
Prisma config from 
prisma.config.ts.
Au caractère Ligne:1 : 
1
+ & "C:\Program 
Files\nodejs/node.exe" 
"C:\Program 
Files\nodejs/node_mo 
...
+ ~~~~~~~~~~~~~~~~~~~~~
~~~~~~~~~~~~~~~~~~~~~~~
~~~~~~~~~~~~~~~~~~~~~~~
~~
    + CategoryInfo     
         : 
NotSpecified: (Loa    
ded Prisma c...isma.co 
   nfig.ts.:String) 
[], R    emoteException
    + 
FullyQualifiedErrorI   
 d : NativeCommandError
 

Prisma schema loaded 
from 
prisma\schema.prisma.
warn Preview feature 
"driverAdapters" is 
deprecated. The 
functionality can be 
used without 
specifying it as a 
preview feature.

Ô£ö Generated Prisma Client (v7.5.0) to .\node_modules\@prisma\client in 783ms

Start by importing your Prisma Client (See: https://pris.ly/d/importing-client)


Ôû▓ Next.js 16.1.6 (Turbopack)
- Environments: .env
- Experiments (use with caution):
  ┬À serverActions

ÔÜá The "middleware" 
file convention is 
deprecated. Please use 
"proxy" instead. Learn 
more: https://nextjs.or
g/docs/messages/middlew
are-to-proxy
  Creating an optimized production build ...
Ô£ô Compiled successfully in 10.5s
  Running TypeScript ...
Failed to compile.

./src/app/dashboard/pag
e.tsx:86:72
Type error: No 
overload matches this 
call.
  The last overload 
gave the following 
error.
    Object literal may 
only specify known 
properties, and 'size' 
does not exist in type 
'Partial<unknown> & 
Attributes'.

[0m [90m 84 |[39m   
          [33m<[39m[
33mdiv[39m className[
33m=[39m[32m"relative
 z-10"[39m[33m>[39m
 [90m 85 |[39m       
        [33m<[39m[33
mdiv[39m className[33
m=[39m[32m"w-16 h-16 
rounded-2xl bg-white/5 
flex items-center 
justify-center mb-8 
border border-white/10 
group-hover:scale-110 
transition-transform du
ration-500"[39m[33m>
[39m
[31m[1m>[22m[39m[9
0m 86 |[39m           
      {[33mReact[39m
[33m.[39mcloneElement(
card[33m.[39micon 
[36mas[39m [33mReact
[39m[33m.[39m[33mRe
actElement[39m[33m,[
39m { size[33m:[39m 
[35m32[39m })}
 [90m    |[39m       
                       
                       
                   
[31m[1m^[22m[39m
 [90m 87 |[39m       
        [33m<[39m[33
m/[39m[33mdiv[39m[3
3m>[39m
 [90m 88 |[39m
 [90m 89 |[39m       
        [33m<[39m[33
mh3[39m className[33m
=[39m[32m"text-2xl 
font-bold text-white 
mb-3 tracking-tight"[3
9m[33m>[39m[0m
Next.js build worker 
exited with code: 1 
and signal: null
